
> my-v0-project@0.1.0 build
> next build

node.exe : [baseline-b
rowser-mapping] The 
data in this module 
is over two months 
old.  To ensure 
accurate Baseline 
data, please update: 
`npm i baseline-browse
r-mapping@latest -D`
At C:\Program Files\no
dejs\npm.ps1:29 char:3
+   & $NODE_EXE 
$NPM_CLI_JS $args
+   ~~~~~~~~~~~~~~~~~~
~~~~~~~~~~~
    + CategoryInfo    
          : NotSpeci  
  fied: ([baseline-   
 brows...ping@late    
st -D`:String) []    
, RemoteException
    + FullyQualifiedE 
   rrorId : NativeCo  
  mmandError
 
   Γû▓ Next.js 16.0.0 (Turbopack)

   Creating an optimized production build ...
[baseline-browser-mapp
ing] The data in this 
module is over two 
months old.  To 
ensure accurate 
Baseline data, please 
update: `npm i baselin
e-browser-mapping@late
st -D`
 Γ£ô Compiled successfully in 58s
   Running TypeScript ...
Failed to compile.

.next/dev/types/valida
tor.ts:168:39
Type error: File 
'D:/OXIS DRIVE/OXIS St
udios/Projects/Clients
 Projects/System 
Development Projects/e
asyrecruit-web-portal/
app/auth/reset-passwor
d/page.tsx' is not a 
module.

[0m [90m 166 |[39m 
{
 [90m 167 |[39m   
type __IsExpected[33m
<[39m[33mSpecific[3
9m [36mextends[39m 
[33mAppPageConfig[39m
[33m<[39m[32m"/auth
/reset-password"[39m
[33m>>[39m 
[33m=[39m 
[33mSpecific[39m
[31m[1m>[22m[39m[
90m 168 |[39m   
[36mconst[39m 
handler [33m=[39m 
{} [36mas[39m 
[36mtypeof[39m [36m
import[39m([32m"../.
./../app/auth/reset-pa
ssword/page.js"[39m)
 [90m     |[39m     
                      
            
[31m[1m^[22m[39m
 [90m 169 |[39m   
type __Check 
[33m=[39m __IsExpect
ed[33m<[39m[36mtype
of[39m 
handler[33m>[39m
 [90m 170 |[39m   
[90m// 
@ts-ignore[39m
 [90m 171 |[39m   
type __Unused 
[33m=[39m 
__Check[0m
Next.js build worker 
exited with code: 1 
and signal: null
