.next/dev/types/validator.ts(168,39): error TS2306: File 'D:/OXIS DRIVE/OXIS Studios/Projects/Clients Projects/System Development Projects/easyrecruit-web-portal/app/auth/reset-password/page.tsx' is not a module.
.next/dev/types/validator.ts(186,39): error TS2306: File 'D:/OXIS DRIVE/OXIS Studios/Projects/Clients Projects/System Development Projects/easyrecruit-web-portal/app/dashboard/jobs/create/page.tsx' is not a module.
.next/types/validator.ts(168,39): error TS2306: File 'D:/OXIS DRIVE/OXIS Studios/Projects/Clients Projects/System Development Projects/easyrecruit-web-portal/app/auth/reset-password/page.tsx' is not a module.
.next/types/validator.ts(186,39): error TS2306: File 'D:/OXIS DRIVE/OXIS Studios/Projects/Clients Projects/System Development Projects/easyrecruit-web-portal/app/dashboard/jobs/create/page.tsx' is not a module.
app/(public)/about/page.tsx(28,37): error TS2322: Type '"icon"' is not assignable to type '"horizontal" | "stacked" | "badge" | "brandmark" | undefined'.
app/(public)/about/page.tsx(29,37): error TS2322: Type '"bg"' is not assignable to type '"primary" | "main" | "secondary" | "complimentary" | "dark" | undefined'.
app/(public)/jobs/[slug]/page.tsx(3,23): error TS2307: Cannot find module '@/components/ui/badge' or its corresponding type declarations.
app/(public)/jobs/page.tsx(8,23): error TS2307: Cannot find module '@/components/ui/badge' or its corresponding type declarations.
app/(public)/jobs/page.tsx(11,24): error TS2307: Cannot find module '@/components/ui/slider' or its corresponding type declarations.
app/dashboard/jobs/[id]/page.tsx(66,22): error TS2339: Property 'type' does not exist on type 'Job'.
app/dashboard/jobs/[id]/page.tsx(89,14): error TS2339: Property 'salary_min' does not exist on type 'Job'.
app/dashboard/jobs/[id]/page.tsx(89,32): error TS2339: Property 'salary_max' does not exist on type 'Job'.
app/dashboard/jobs/[id]/page.tsx(92,33): error TS2339: Property 'salary_min' does not exist on type 'Job'.
app/dashboard/jobs/[id]/page.tsx(92,68): error TS2339: Property 'salary_max' does not exist on type 'Job'.
app/dashboard/jobs/page.tsx(72,28): error TS2367: This comparison appears to be unintentional because the types '"draft" | "active" | "paused" | "archived" | "closed"' and '"open"' have no overlap.
app/dashboard/jobs/page.tsx(285,32): error TS2339: Property 'department' does not exist on type 'Job'.
app/dashboard/jobs/page.tsx(293,32): error TS2339: Property 'type' does not exist on type 'Job'.
app/dashboard/jobs/page.tsx(298,28): error TS2339: Property 'salary_min' does not exist on type 'Job'.
app/dashboard/jobs/page.tsx(298,46): error TS2339: Property 'salary_max' does not exist on type 'Job'.
app/dashboard/jobs/page.tsx(299,49): error TS2339: Property 'salary_min' does not exist on type 'Job'.
app/dashboard/jobs/page.tsx(299,85): error TS2339: Property 'salary_max' does not exist on type 'Job'.
app/dashboard/jobs/page.tsx(317,56): error TS2304: Cannot find name 'formatTimeAgo'.
app/dashboard/jobs/page.tsx(384,59): error TS2339: Property 'type' does not exist on type 'Job'.
app/employer/candidates/page.tsx(17,29): error TS2307: Cannot find module '@/types/talent' or its corresponding type declarations.
app/employer/contracts/page.tsx(128,105): error TS2339: Property 'description' does not exist on type 'Contract'.
app/employer/contracts/page.tsx(131,116): error TS2339: Property 'amount' does not exist on type 'Contract'.
app/employer/dashboard/page.tsx(171,34): error TS2339: Property 'trendIcon' does not exist on type '{ title: string; value: number; icon: ForwardRefExoticComponent<Omit<LucideProps, "ref"> & RefAttributes<SVGSVGElement>>; color: string; bgColor: string; } | { ...; }'.
  Property 'trendIcon' does not exist on type '{ title: string; value: number; icon: ForwardRefExoticComponent<Omit<LucideProps, "ref"> & RefAttributes<SVGSVGElement>>; color: string; bgColor: string; }'.
app/employer/dashboard/page.tsx(172,35): error TS2339: Property 'change' does not exist on type '{ title: string; value: number; icon: ForwardRefExoticComponent<Omit<LucideProps, "ref"> & RefAttributes<SVGSVGElement>>; color: string; bgColor: string; } | { ...; }'.
  Property 'change' does not exist on type '{ title: string; value: number; icon: ForwardRefExoticComponent<Omit<LucideProps, "ref"> & RefAttributes<SVGSVGElement>>; color: string; bgColor: string; }'.
app/employer/jobs/page.tsx(164,15): error TS2322: Type '"primaryRoundedCorner"' is not assignable to type '"default" | "destructive" | "link" | "ghost" | "secondary" | "outline" | null | undefined'.
components/forms/JobForm.tsx(48,32): error TS2339: Property 'type' does not exist on type 'Partial<Job>'.
components/forms/JobForm.tsx(50,35): error TS2339: Property 'category' does not exist on type 'Partial<Job>'.
components/forms/JobForm.tsx(50,65): error TS2339: Property 'category' does not exist on type 'Partial<Job>'.
components/forms/JobForm.tsx(52,34): error TS2339: Property 'salary_min' does not exist on type 'Partial<Job>'.
components/forms/JobForm.tsx(53,34): error TS2339: Property 'salary_max' does not exist on type 'Partial<Job>'.
components/forms/JobForm.tsx(58,34): error TS2339: Property 'department' does not exist on type 'Partial<Job>'.
components/forms/JobForm.tsx(100,39): error TS2339: Property 'type' does not exist on type 'Partial<Job>'.
components/forms/JobForm.tsx(102,41): error TS2339: Property 'salary_min' does not exist on type 'Partial<Job>'.
components/forms/JobForm.tsx(103,41): error TS2339: Property 'salary_max' does not exist on type 'Partial<Job>'.
